// Jest Snapshot v1, https://goo.gl/fbAQLP

exports[`Should render an ExpenseListItem component with fixture data 1`] = `
<div>
  <Link
    to="/edit/2"
  >
    <h3>
      Rent
    </h3>
  </Link>
  <p>
    $1,095.00
  </p>
  <p>
    06:00:00 PM December 27, 1969
  </p>
</div>
`;
