// Jest Snapshot v1, https://goo.gl/fbAQLP

exports[`Should properly render LoginPage component 1`] = `
<div>
  <button>
    Log In
  </button>
</div>
`;
